[0.545s] Invoking command in '/home/lyh/ros2_ws/src/my_first_pkg': DEBUGINFOD_URLS=https://debuginfod.ubuntu.com PYTHONPATH=/home/lyh/ros2_ws/build/my_first_pkg/prefix_override:/usr/lib/python3/dist-packages/colcon_core/task/python/colcon_distutils_commands:/home/lyh/ros2_ws/install/my_first_pkg/lib/python3.12/site-packages:${PYTHONPATH} /usr/bin/python3 -W ignore:setup.py install is deprecated -W ignore:easy_install command is deprecated setup.py egg_info --egg-base ../../build/my_first_pkg build --build-base /home/lyh/ros2_ws/build/my_first_pkg/build install --record /home/lyh/ros2_ws/build/my_first_pkg/install.log --single-version-externally-managed install_data
[0.692s] running egg_info
[0.692s] creating ../../build/my_first_pkg/my_first_pkg.egg-info
[0.702s] writing ../../build/my_first_pkg/my_first_pkg.egg-info/PKG-INFO
[0.702s] writing dependency_links to ../../build/my_first_pkg/my_first_pkg.egg-info/dependency_links.txt
[0.702s] writing entry points to ../../build/my_first_pkg/my_first_pkg.egg-info/entry_points.txt
[0.702s] writing requirements to ../../build/my_first_pkg/my_first_pkg.egg-info/requires.txt
[0.702s] writing top-level names to ../../build/my_first_pkg/my_first_pkg.egg-info/top_level.txt
[0.702s] writing manifest file '../../build/my_first_pkg/my_first_pkg.egg-info/SOURCES.txt'
[0.723s] reading manifest file '../../build/my_first_pkg/my_first_pkg.egg-info/SOURCES.txt'
[0.724s] writing manifest file '../../build/my_first_pkg/my_first_pkg.egg-info/SOURCES.txt'
[0.724s] running build
[0.724s] running build_py
[0.724s] creating /home/lyh/ros2_ws/build/my_first_pkg/build
[0.724s] creating /home/lyh/ros2_ws/build/my_first_pkg/build/lib
[0.724s] creating /home/lyh/ros2_ws/build/my_first_pkg/build/lib/my_first_pkg
[0.724s] copying my_first_pkg/publisher.py -> /home/lyh/ros2_ws/build/my_first_pkg/build/lib/my_first_pkg
[0.724s] copying my_first_pkg/__init__.py -> /home/lyh/ros2_ws/build/my_first_pkg/build/lib/my_first_pkg
[0.724s] copying my_first_pkg/py.typed -> /home/lyh/ros2_ws/build/my_first_pkg/build/lib/my_first_pkg
[0.724s] running install
[0.728s] running install_lib
[0.738s] creating /home/lyh/ros2_ws/install/my_first_pkg/lib/python3.12/site-packages/my_first_pkg
[0.738s] copying /home/lyh/ros2_ws/build/my_first_pkg/build/lib/my_first_pkg/publisher.py -> /home/lyh/ros2_ws/install/my_first_pkg/lib/python3.12/site-packages/my_first_pkg
[0.738s] copying /home/lyh/ros2_ws/build/my_first_pkg/build/lib/my_first_pkg/py.typed -> /home/lyh/ros2_ws/install/my_first_pkg/lib/python3.12/site-packages/my_first_pkg
[0.738s] copying /home/lyh/ros2_ws/build/my_first_pkg/build/lib/my_first_pkg/__init__.py -> /home/lyh/ros2_ws/install/my_first_pkg/lib/python3.12/site-packages/my_first_pkg
[0.739s] byte-compiling /home/lyh/ros2_ws/install/my_first_pkg/lib/python3.12/site-packages/my_first_pkg/publisher.py to publisher.cpython-312.pyc
[0.739s] byte-compiling /home/lyh/ros2_ws/install/my_first_pkg/lib/python3.12/site-packages/my_first_pkg/__init__.py to __init__.cpython-312.pyc
[0.739s] running install_data
[0.739s] creating /home/lyh/ros2_ws/install/my_first_pkg/share/ament_index
[0.739s] creating /home/lyh/ros2_ws/install/my_first_pkg/share/ament_index/resource_index
[0.739s] creating /home/lyh/ros2_ws/install/my_first_pkg/share/ament_index/resource_index/packages
[0.739s] copying resource/my_first_pkg -> /home/lyh/ros2_ws/install/my_first_pkg/share/ament_index/resource_index/packages
[0.739s] copying package.xml -> /home/lyh/ros2_ws/install/my_first_pkg/share/my_first_pkg
[0.739s] running install_egg_info
[0.751s] Copying ../../build/my_first_pkg/my_first_pkg.egg-info to /home/lyh/ros2_ws/install/my_first_pkg/lib/python3.12/site-packages/my_first_pkg-0.0.0-py3.12.egg-info
[0.751s] running install_scripts
[0.826s] Installing hello_pub script to /home/lyh/ros2_ws/install/my_first_pkg/lib/my_first_pkg
[0.827s] writing list of installed files to '/home/lyh/ros2_ws/build/my_first_pkg/install.log'
[0.845s] Invoked command in '/home/lyh/ros2_ws/src/my_first_pkg' returned '0': DEBUGINFOD_URLS=https://debuginfod.ubuntu.com PYTHONPATH=/home/lyh/ros2_ws/build/my_first_pkg/prefix_override:/usr/lib/python3/dist-packages/colcon_core/task/python/colcon_distutils_commands:/home/lyh/ros2_ws/install/my_first_pkg/lib/python3.12/site-packages:${PYTHONPATH} /usr/bin/python3 -W ignore:setup.py install is deprecated -W ignore:easy_install command is deprecated setup.py egg_info --egg-base ../../build/my_first_pkg build --build-base /home/lyh/ros2_ws/build/my_first_pkg/build install --record /home/lyh/ros2_ws/build/my_first_pkg/install.log --single-version-externally-managed install_data
